
> warehouse-stock-simulation@0.1.0 build
> next build

  Γû▓ Next.js 14.2.33
  - Environments: .env.local

   Creating an optimized production build ...
 Γ£ô Compiled successfully
   Linting and checking validity of types ...

./src/app/(admin)/admin/items/page.tsx
181:29  Warning: Using `<img>` could result in slower LCP and higher bandwidth. Consider using `<Image />` from `next/image` to automatically optimize images. This may incur additional usage or cost from your provider. See: https://nextjs.org/docs/messages/no-img-element  @next/next/no-img-element

./src/app/(auditor)/auditor/items/page.tsx
152:29  Warning: Using `<img>` could result in slower LCP and higher bandwidth. Consider using `<Image />` from `next/image` to automatically optimize images. This may incur additional usage or cost from your provider. See: https://nextjs.org/docs/messages/no-img-element  @next/next/no-img-element

./src/app/(auditor)/auditor/scan/page.tsx
87:21  Warning: Using `<img>` could result in slower LCP and higher bandwidth. Consider using `<Image />` from `next/image` to automatically optimize images. This may incur additional usage or cost from your provider. See: https://nextjs.org/docs/messages/no-img-element  @next/next/no-img-element

./src/app/(auditor)/auditor/tasks/page.tsx
168:23  Warning: Using `<img>` could result in slower LCP and higher bandwidth. Consider using `<Image />` from `next/image` to automatically optimize images. This may incur additional usage or cost from your provider. See: https://nextjs.org/docs/messages/no-img-element  @next/next/no-img-element

./src/hooks/useItems.ts
27:6  Warning: React Hook useEffect has a missing dependency: 'fetchItems'. Either include it or remove the dependency array.  react-hooks/exhaustive-deps
27:7  Warning: React Hook useEffect has a complex expression in the dependency array. Extract it to a separate variable so it can be statically checked.  react-hooks/exhaustive-deps

./src/hooks/useTasks.ts
27:6  Warning: React Hook useEffect has a missing dependency: 'fetchTasks'. Either include it or remove the dependency array.  react-hooks/exhaustive-deps
27:7  Warning: React Hook useEffect has a complex expression in the dependency array. Extract it to a separate variable so it can be statically checked.  react-hooks/exhaustive-deps

info  - Need to disable some ESLint rules? Learn more here: https://nextjs.org/docs/basic-features/eslint#disabling-rules
   Collecting page data ...
   Generating static pages (0/19) ...
   Generating static pages (4/19) 
   Generating static pages (9/19) 
   Generating static pages (14/19) 
 Γ£ô Generating static pages (19/19)
   Finalizing page optimization ...
   Collecting build traces ...

Route (app)                              Size     First Load JS
Γöî Γùï /                                    178 B          96.2 kB
Γö£ Γùï /_not-found                          146 B          87.5 kB
Γö£ Γùï /admin/auditors                      3.39 kB         221 kB
Γö£ Γùï /admin/dashboard                     5.09 kB         223 kB
Γö£ Γùï /admin/items                         6.11 kB         224 kB
Γö£ Γùï /admin/reports                       5.19 kB         223 kB
Γö£ Γùï /admin/tasks                         5.36 kB         223 kB
Γö£ Γùï /auditor/dashboard                   4.79 kB         223 kB
Γö£ Γùï /auditor/history                     4.42 kB         222 kB
Γö£ Γùï /auditor/items                       3.3 kB          221 kB
Γö£ Γùï /auditor/profile                     4.86 kB         223 kB
Γö£ Γùï /auditor/scan                        3.73 kB         221 kB
Γö£ Γùï /auditor/tasks                       6.8 kB          225 kB
Γö£ Γùï /firebase-test                       1.97 kB         220 kB
Γö£ Γùï /login                               1.71 kB         232 kB
Γö£ Γùï /register                            1.9 kB          232 kB
Γöö Γùï /user-fix                            2.75 kB         220 kB
+ First Load JS shared by all            87.3 kB
  Γö£ chunks/117-2c7bbc8185ea920b.js       31.7 kB
  Γö£ chunks/fd9d1056-a382fa7eb09a1c10.js  53.6 kB
  Γöö other shared chunks (total)          1.95 kB


╞Æ Middleware                             25.9 kB

Γùï  (Static)  prerendered as static content

